[toms-builders-143518920.hubspotpagebuilder.eu/ALLOY-WHEEL- REPAIR.html]
[backblue.gif]
[fade.gif]
[index.html]
[cdn2.hubspot.net/hub/7052064/hub_generated/template_assets/1700833385116/hubspot/compass_theme/assets/css/main.min.css]
[cdn2.hubspot.net/hub/-1/hub_generated/module_assets/-47846617941/1700833526507/module_-47846617941_PQL_Content.min.css]
[toms-builders-143518920.hubspotpagebuilder.eu/_hcms/googlefonts/Work_Sans/regular.woff2]
[toms-builders-143518920.hubspotpagebuilder.eu/_hcms/googlefonts/Work_Sans/regular.woff]
[143518920.fs1.hubspotusercontent-eu1.net/hubfs/143518920/Untitled-3-01.jpg]
[143518920.fs1.hubspotusercontent-eu1.net/hub/143518920/hubfs/IMG_4426cfef.jpg]
[f.hubspotusercontent10.net/hubfs/7303166/Marketing Starter/check_blue-bg.png]
[143518920.fs1.hubspotusercontent-eu1.net/hubfs/143518920/SKINZ-03-1.jpg]
[143518920.fs1.hubspotusercontent-eu1.net/hubfs/143518920/Untitled-3-01-1.jpg]
[143518920.fs1.hubspotusercontent-eu1.net/hub/143518920/hubfs/IMG_4420 (1)4aed.jpg]
[143518920.fs1.hubspotusercontent-eu1.net/hub/143518920/hubfs/google-logoca59.jpg]
[143518920.fs1.hubspotusercontent-eu1.net/hub/143518920/hubfs/facebook logo-1ad14.png]
[143518920.fs1.hubspotusercontent-eu1.net/hub/143518920/hubfs/intagrem5a4b.jpg]
[static.hsappstatic.net/content-cwv-embed/static-1.388/embed.js]
[toms-builders-143518920.hubspotpagebuilder.eu/hs/hsstatic/cos-i18n/static-1.53/bundles/project.js]
[cdn2.hubspot.net/hub/-1/hub_generated/module_assets/-47846617941/1700833525798/module_-47846617941_PQL_Content.min.js]
[js-eu1.hs-scripts.com/143518920.js]
[toms-builders-143518920.hubspotpagebuilder.eu/_hcms/forms/v2.js]
[toms-builders-143518920.hubspotpagebuilder.eu/ALLOY-WHEEL- REPAIR.html]
[cdn2.hubspot.net/hub/7052064/hub_generated/template_assets/1700833385116/hubspot/compass_theme/assets/css/main.min.css]
[cdn2.hubspot.net/hub/-1/hub_generated/module_assets/-47846617941/1700833526507/module_-47846617941_PQL_Content.min.css]
[toms-builders-143518920.hubspotpagebuilder.eu/index.html]
[toms-builders-143518920.hubspotpagebuilder.eu/hs/hsstatic/HubspotToolsMenu/static-1.191/js/index.js]
